14:42:31 **** Incremental Build of configuration Debug for project FlashEEPROM ****
make -j4 all 
arm-none-eabi-gcc "../Core/Src/main.c" -mcpu=cortex-m3 -std=gnu11 -g3 -DUSE_HAL_DRIVER -DSTM32F103xB -DDEBUG -c -I../Core/Inc -I../Drivers/STM32F1xx_HAL_Driver/Inc -I../Drivers/STM32F1xx_HAL_Driver/Inc/Legacy -I../Drivers/CMSIS/Device/ST/STM32F1xx/Include -I../Drivers/CMSIS/Include -O0 -ffunction-sections -fdata-sections -Wall -fstack-usage -MMD -MP -MF"Core/Src/main.d" -MT"Core/Src/main.o" --specs=nano.specs -mfloat-abi=soft -mthumb -o "Core/Src/main.o"
../Core/Src/main.c: In function 'main':
../Core/Src/main.c:94:33: warning: initialization of 'long unsigned int *' from incompatible pointer type 'char *' [-Wincompatible-pointer-types]
   94 |   long unsigned int * DATA_32 = "Hello World!";
      |                                 ^~~~~~~~~~~~~~
../Core/Src/main.c:101:31: warning: passing argument 1 of 'strlen' from incompatible pointer type [-Wincompatible-pointer-types]
  101 |   int numberofword = ((strlen(DATA_32)/4) + ((strlen(DATA_32)%4) != 0));
      |                               ^~~~~~~
      |                               |
      |                               long unsigned int *
In file included from ../Core/Src/main.c:23:
c:\st\stm32cubeide_1.6.0\stm32cubeide\plugins\com.st.stm32cube.ide.mcu.externaltools.gnu-tools-for-stm32.9-2020-q2-update.win32_1.5.0.202011040924\tools\arm-none-eabi\include\string.h:41:17: note: expected 'const char *' but argument is of type 'long unsigned int *'
   41 | size_t  strlen (const char *);
      |                 ^~~~~~~~~~~~
../Core/Src/main.c:101:54: warning: passing argument 1 of 'strlen' from incompatible pointer type [-Wincompatible-pointer-types]
  101 |   int numberofword = ((strlen(DATA_32)/4) + ((strlen(DATA_32)%4) != 0));
      |                                                      ^~~~~~~
      |                                                      |
      |                                                      long unsigned int *
In file included from ../Core/Src/main.c:23:
c:\st\stm32cubeide_1.6.0\stm32cubeide\plugins\com.st.stm32cube.ide.mcu.externaltools.gnu-tools-for-stm32.9-2020-q2-update.win32_1.5.0.202011040924\tools\arm-none-eabi\include\string.h:41:17: note: expected 'const char *' but argument is of type 'long unsigned int *'
   41 | size_t  strlen (const char *);
      |                 ^~~~~~~~~~~~
arm-none-eabi-gcc -o "FlashEEPROM.elf" @"objects.list"  -lrdimon -mcpu=cortex-m3 -T"G:\103C8\FlashEEPROM\FlashEEPROM\STM32F103CBTX_FLASH.ld" --specs=nosys.specs -Wl,-Map="FlashEEPROM.map" -Wl,--gc-sections -static -Wl,--start-group -lrdimon -Wl,--end-group -specs=rdimon.specs -lc -lrdimon --specs=nano.specs -mfloat-abi=soft -mthumb -Wl,--start-group -lc -lm -Wl,--end-group
Finished building target: FlashEEPROM.elf
 
arm-none-eabi-objdump -h -S  FlashEEPROM.elf  > "FlashEEPROM.list"
arm-none-eabi-objcopy  -O binary  FlashEEPROM.elf  "FlashEEPROM.bin"
arm-none-eabi-size   FlashEEPROM.elf 
   text	   data	    bss	    dec	    hex	filename
   9088	    128	   1800	  11016	   2b08	FlashEEPROM.elf
Finished building: default.size.stdout
 
Finished building: FlashEEPROM.bin
Finished building: FlashEEPROM.list
 
 
14:42:37 **** Incremental Build of configuration Debug for project FlashEEPROM ****
make -j4 all 
arm-none-eabi-size   FlashEEPROM.elf 
   text	   data	    bss	    dec	    hex	filename
   9088	    128	   1800	  11016	   2b08	FlashEEPROM.elf
Finished building: default.size.stdout
 
